// Jest Snapshot v1, https://goo.gl/fbAQLP

exports[`renders homepage unchanged 1`] = `
<div>
  <div>
    <h1>
      tests in next
    </h1>
    <p>
      Test snapshot: Testes de snapshot são ferramentas bem úteis sempre que você desejar garantir que sua UI não seja alterada inesperadamente.
    </p>
    <button>
      Click
    </button>
    <p>
      Lorem ipsum dolor sit amet consectetur adipisicing elit. Corrupti dignissimos reiciendis aliquam perferendis error officia deserunt provident inventore eum magni doloribus dicta ullam, quos sapiente? Obcaecati quisquam sunt nulla reiciendis.
    </p>
  </div>
</div>
`;
